Copyright 1986-2019 Xilinx, Inc. All Rights Reserved.
------------------------------------------------------------------------------------
| Tool Version : Vivado v.2019.1 (win64) Build 2552052 Fri May 24 14:49:42 MDT 2019
| Date         : Tue Jun  2 00:22:15 2026
| Host         : DESKTOP-VU9L4JN running 64-bit major release  (build 9200)
| Command      : report_cdc -file ./fpga_side/logs/impl_cdc.rpt
| Design       : top_board
| Device       : 7a100t-fgg484
| Speed File   : -2  PRODUCTION 1.23 2018-06-13
------------------------------------------------------------------------------------

CDC Report

Severity  Source Clock  Destination Clock  CDC Type                 Exceptions           Endpoints  Safe  Unsafe  Unknown  No ASYNC_REG  
--------  ------------  -----------------  -----------------------  -------------------  ---------  ----  ------  -------  ------------  
Critical  sys_clk_50m   etha_rxck          No Common Primary Clock  Asynch Clock Groups       2418   289       0     2129             0  
Info      etha_rxck     sys_clk_50m        No Common Primary Clock  Asynch Clock Groups          2     2       0        0             0  

